src/app/api/attendance/route.ts(39,21): error TS2769: No overload matches this call.
  Overload 1 of 2, '(values: never, options?: { onConflict?: string | undefined; ignoreDuplicates?: boolean | undefined; count?: "exact" | "planned" | "estimated" | undefined; } | undefined): PostgrestFilterBuilder<{ ...; }, ... 5 more ..., "POST">', gave the following error.
    Argument of type '{ course_id: any; student_id: any; date: any; status: any; }[]' is not assignable to parameter of type 'never'.
  Overload 2 of 2, '(values: never[], options?: { onConflict?: string | undefined; ignoreDuplicates?: boolean | undefined; count?: "exact" | "planned" | "estimated" | undefined; defaultToNull?: boolean | undefined; } | undefined): PostgrestFilterBuilder<...>', gave the following error.
    Argument of type '{ course_id: any; student_id: any; date: any; status: any; }[]' is not assignable to parameter of type 'never[]'.
      Type '{ course_id: any; student_id: any; date: any; status: any; }' is not assignable to type 'never'.
src/app/api/grades/route.ts(30,14): error TS2769: No overload matches this call.
  Overload 1 of 2, '(values: never, options?: { count?: "exact" | "planned" | "estimated" | undefined; } | undefined): PostgrestFilterBuilder<{ PostgrestVersion: "12"; }, never, never, null, "grades", never, "POST">', gave the following error.
    Argument of type '{ evaluation_id: any; student_id: any; score: number; feedback: any; }' is not assignable to parameter of type 'never'.
  Overload 2 of 2, '(values: never[], options?: { count?: "exact" | "planned" | "estimated" | undefined; defaultToNull?: boolean | undefined; } | undefined): PostgrestFilterBuilder<{ PostgrestVersion: "12"; }, never, never, null, "grades", never, "POST">', gave the following error.
    Object literal may only specify known properties, and 'evaluation_id' does not exist in type 'never[]'.
src/app/dashboard/attendance/page.tsx(48,29): error TS2345: Argument of type '{ id: any; first_name: any; last_name: any; }[][]' is not assignable to parameter of type 'SetStateAction<Student[]>'.
  Type '{ id: any; first_name: any; last_name: any; }[][]' is not assignable to type 'Student[]'.
    Type '{ id: any; first_name: any; last_name: any; }[]' is missing the following properties from type 'Student': id, first_name, last_name
